test
rmdir

